stm32f3xx_hal_adc_ex.c:234:19:HAL_ADC_Init	112	static
stm32f3xx_hal_adc_ex.c:807:19:HAL_ADC_DeInit	104	static
stm32f3xx_hal_adc_ex.c:1242:19:HAL_ADC_Start	24	static
stm32f3xx_hal_adc_ex.c:1448:19:HAL_ADC_Stop	24	static
stm32f3xx_hal_adc_ex.c:1553:19:HAL_ADC_PollForConversion	32	static
stm32f3xx_hal_adc_ex.c:1868:19:HAL_ADC_PollForEvent	32	static
stm32f3xx_hal_adc_ex.c:2054:19:HAL_ADC_Start_IT	24	static
stm32f3xx_hal_adc_ex.c:2292:19:HAL_ADC_Stop_IT	24	static
stm32f3xx_hal_adc_ex.c:2398:19:HAL_ADC_Start_DMA	32	static
stm32f3xx_hal_adc_ex.c:2669:19:HAL_ADC_Stop_DMA	24	static
stm32f3xx_hal_adc_ex.c:2822:10:HAL_ADC_GetValue	16	static
stm32f3xx_hal_adc_ex.c:2880:6:HAL_ADC_IRQHandler	32	static
stm32f3xx_hal_adc_ex.c:3337:19:HAL_ADCEx_Calibration_Start	24	static
stm32f3xx_hal_adc_ex.c:3538:10:HAL_ADCEx_Calibration_GetValue	16	static
stm32f3xx_hal_adc_ex.c:3573:19:HAL_ADCEx_Calibration_SetValue	32	static
stm32f3xx_hal_adc_ex.c:3638:19:HAL_ADCEx_InjectedStart	24	static
stm32f3xx_hal_adc_ex.c:3826:19:HAL_ADCEx_InjectedStop	24	static
stm32f3xx_hal_adc_ex.c:3969:19:HAL_ADCEx_InjectedPollForConversion	32	static
stm32f3xx_hal_adc_ex.c:4208:19:HAL_ADCEx_InjectedStart_IT	24	static
stm32f3xx_hal_adc_ex.c:4428:19:HAL_ADCEx_InjectedStop_IT	24	static
stm32f3xx_hal_adc_ex.c:4588:19:HAL_ADCEx_MultiModeStart_DMA	112	static
stm32f3xx_hal_adc_ex.c:4728:19:HAL_ADCEx_MultiModeStop_DMA	104	static
stm32f3xx_hal_adc_ex.c:4853:10:HAL_ADCEx_MultiModeGetValue	24	static
stm32f3xx_hal_adc_ex.c:4904:10:HAL_ADCEx_InjectedGetValue	24	static
stm32f3xx_hal_adc_ex.c:5018:19:HAL_ADCEx_RegularStop	24	static
stm32f3xx_hal_adc_ex.c:5092:19:HAL_ADCEx_RegularStop_IT	24	static
stm32f3xx_hal_adc_ex.c:5172:19:HAL_ADCEx_RegularStop_DMA	24	static
stm32f3xx_hal_adc_ex.c:5284:19:HAL_ADCEx_RegularMultiModeStop_DMA	104	static
stm32f3xx_hal_adc_ex.c:5434:13:HAL_ADCEx_InjectedConvCpltCallback	16	static
stm32f3xx_hal_adc_ex.c:5457:13:HAL_ADCEx_InjectedQueueOverflowCallback	16	static
stm32f3xx_hal_adc_ex.c:5473:13:HAL_ADCEx_LevelOutOfWindow2Callback	16	static
stm32f3xx_hal_adc_ex.c:5488:13:HAL_ADCEx_LevelOutOfWindow3Callback	16	static
stm32f3xx_hal_adc_ex.c:5551:19:HAL_ADC_ConfigChannel	112	static
stm32f3xx_hal_adc_ex.c:6017:19:HAL_ADCEx_InjectedConfigChannel	120	static
stm32f3xx_hal_adc_ex.c:6769:19:HAL_ADC_AnalogWDGConfig	40	static
stm32f3xx_hal_adc_ex.c:7054:19:HAL_ADCEx_MultiModeConfigChannel	104	static
stm32f3xx_hal_adc_ex.c:7184:13:ADC_DMAConvCplt	24	static
stm32f3xx_hal_adc_ex.c:7231:13:ADC_DMAHalfConvCplt	24	static
stm32f3xx_hal_adc_ex.c:7249:13:ADC_DMAError	24	static
stm32f3xx_hal_adc_ex.c:7279:26:ADC_Enable	24	static
stm32f3xx_hal_adc_ex.c:7337:26:ADC_Disable	24	static
stm32f3xx_hal_adc_ex.c:7400:26:ADC_ConversionStop	32	static
