main.c:134:5:main	56	static
main.c:337:6:SystemClock_Config	128	static
main.c:396:13:MX_ADC3_Init	48	static
main.c:459:13:MX_I2C1_Init	8	static
main.c:505:13:MX_I2C2_Init	8	static
main.c:551:13:MX_SPI1_Init	8	static
main.c:591:13:MX_SPI3_Init	8	static
main.c:631:13:MX_TIM2_Init	48	static
main.c:693:13:MX_TIM3_Init	48	static
main.c:754:13:MX_TIM4_Init	48	static
main.c:811:13:MX_TIM8_Init	96	static
main.c:885:13:MX_UART5_Init	8	static
main.c:920:13:MX_USART1_UART_Init	8	static
main.c:955:13:MX_USART2_UART_Init	8	static
main.c:990:13:MX_USART3_UART_Init	8	static
main.c:1030:13:MX_USB_PCD_Init	8	static
main.c:1061:13:MX_GPIO_Init	56	static
main.c:1153:6:Error_Handler	4	static,ignoring_inline_asm
