main.c:140:5:main	56	static
main.c:351:6:SystemClock_Config	128	static
main.c:410:13:MX_ADC3_Init	48	static
main.c:473:13:MX_I2C1_Init	8	static
main.c:519:13:MX_I2C2_Init	8	static
main.c:565:13:MX_SPI1_Init	8	static
main.c:605:13:MX_SPI3_Init	8	static
main.c:645:13:MX_TIM2_Init	48	static
main.c:707:13:MX_TIM3_Init	48	static
main.c:768:13:MX_TIM4_Init	48	static
main.c:825:13:MX_TIM8_Init	96	static
main.c:899:13:MX_UART5_Init	8	static
main.c:934:13:MX_USART1_UART_Init	8	static
main.c:969:13:MX_USART2_UART_Init	8	static
main.c:1004:13:MX_USART3_UART_Init	8	static
main.c:1044:13:MX_USB_PCD_Init	8	static
main.c:1075:13:MX_GPIO_Init	56	static
main.c:1167:6:Error_Handler	4	static,ignoring_inline_asm
